╭────────────────────────────────────────────────────────────────────────────────────────────────────────────────────────────────────────╮
│                                                                                                                                        │
│  Chronicle   all projects   1 entry                                                                                                    │
│ Search: "auth"  Filters: none                                                                                                          │
│ j/k move · enter toggle · / search · f filters · n quick entry · r reload · q quit                                                     │
│                                                                                                                                        │
╰────────────────────────────────────────────────────────────────────────────────────────────────────────────────────────────────────────╯
╭───────────────────────────────╮  ╭─────────────────────────────────────────────────────╮  ╭────────────────────────────────────────╮
│                               │  │                                                     │  │                                        │
│ Context                       │  │ Timeline  1 entry in all projects                   │  │ Inspector                              │
│ ╭───────────────────────────╮ │  │                                                     │  │                                        │
│ │ auth                      │ │  │ ▾ Wed, Apr 22 2026  1 entry                         │  │ Wed, Apr 22 2026                       │
│ ╰───────────────────────────╯ │  │   09:00  Investigate auth cache                     │  │ Wednesday, April 22 · 1 entry          │
│                               │  │   Record · ID 1 · alpha · #auth #backend            │  │                                        │
│ Scope                         │  │                                                     │  │ This is a day group.                   │
│ all projects                  │  │                                                     │  │ Press Enter to collapse or expand the  │
│                               │  │                                                     │  │ entries for this day.                  │
│ Kinds                         │  │                                                     │  │                                        │
│  Record   Decision   Commit   │  │                                                     │  │                                        │
│                               │  │                                                     │  │                                        │
│ Tags                          │  │                                                     │  │                                        │
│  No tag filters               │  │                                                     │  │                                        │
│                               │  │                                                     │  │                                        │
│ Actions                       │  │                                                     │  │                                        │
│  / search   f filters         │  │                                                     │  │                                        │
│  n quick entry   r reload     │  │                                                     │  │                                        │
│                               │  │                                                     │  │                                        │
│                               │  │                                                     │  │                                        │
│                               │  │                                                     │  │                                        │
│                               │  │                                                     │  │                                        │
╰───────────────────────────────╯  ╰─────────────────────────────────────────────────────╯  ╰────────────────────────────────────────╯
Searching: "auth"
