╭────────────────────────────────────────────────────────────────────────────╮
│                                                                            │
│  Chronicle   all projects   3 entries   Inspect                            │
│ Search: all notes  Filters: none                                           │
│ j/k move · enter toggle · / search · f filters · tab inspect · q quit      │
│                                                                            │
╰────────────────────────────────────────────────────────────────────────────╯
╭──────────────────────────────────────────────────────────────────────────╮
│                                                                          │
│ Inspector                                                                │
│                                                                          │
│ Wed, Apr 22 2026                                                         │
│ Wednesday, April 22 · 2 entries                                          │
│                                                                          │
│ This is a day group.                                                     │
│ Press Enter to collapse or expand the entries for this day.              │
│                                                                          │
│                                                                          │
│                                                                          │
│                                                                          │
╰──────────────────────────────────────────────────────────────────────────╯
Inspector mode
