╭──────────────────────────────────────────────────────────────────────────────╮
│                                                                              │
│  Chronicle   all projects   3 entries   Inspect                              │
│ Search: all notes  Filters: none                                             │
│                                                                              │
╰──────────────────────────────────────────────────────────────────────────────╯
╭──────────────────────────────────────────────────────────────────────────────╮
│                                                                              │
│ Inspector                                                                    │
│                                                                              │
│ Wed, Apr 22 2026                                                             │
│ Wednesday, April 22 · 2 entries                                              │
│                                                                              │
│ This is a day group.                                                         │
│ Press Enter to collapse or expand the entries for this day.                  │
│                                                                              │
│                                                                              │
╰──────────────────────────────────────────────────────────────────────────────╯
╭──────────────────────────────────────────────────────────────────────────────╮
│  / Search  Search title, notes, tags, project                                │
│ Inspector mode                                                               │
╰──────────────────────────────────────────────────────────────────────────────╯
 j/k  move ·  enter/space  toggle ·  /  search ·  :  command ·  f  filters
 n  new ·  r  reload ·  tab  inspect ·  esc  close ·  q  quit
