╭────────────────────────────────────────────────────────────────────────────────────────────────────────────────────────────────────────╮
│                                                                                                                                        │
│  Chronicle   all projects   3 entries                                                                                                  │
│ Search: all notes  Filters: none                                                                                                       │
│ j/k move · enter toggle · / search · f filters · n quick entry · r reload · q quit                                                     │
│                                                                                                                                        │
╰────────────────────────────────────────────────────────────────────────────────────────────────────────────────────────────────────────╯
╔══════════════════════════════════════════════════════════╗
║                                                          ║
║ Filter Chronicle                                         ║
║ Scope, kinds, and tags                                   ║
║                                                          ║
║ Scope                                                    ║
║   ● All projects                                         ║
║   ○ alpha                                                ║
║   ○ global                                               ║
║ Kinds                                                    ║
║   ● record                                               ║
║ › ● decision                                             ║
║   ● commit                                               ║
║ Tags                                                     ║
║   ○ #auth                                                ║
║   ○ #backend                                             ║
║   ○ #storage                                             ║
║   ○ #ux                                                  ║
║   ○ #release                                             ║
║                                                          ║
║ Space toggles · Esc closes                               ║
║                                                          ║
╚══════════════════════════════════════════════════════════╝
╰───────────────────────────────╯  ╰─────────────────────────────────────────────────────╯  ╰────────────────────────────────────────╯
Filter Chronicle
