╭────────────────────────────────────────────────────────────────────────────────────────────────────────────────────────────────────────╮
│                                                                                                                                        │
│  Chronicle   all projects   3 entries                                                                                                  │
│ Search: all notes  Filters: none                                                                                                       │
│                                                                                                                                        │
╰────────────────────────────────────────────────────────────────────────────────────────────────────────────────────────────────────────╯
╔══════════════════════════════════════════════════════════╗
║                                                          ║
║ Filter Chronicle                                         ║
║ Scope, kinds, and tags                                   ║
║                                                          ║
║ Scope                                                    ║
║   ● All projects                                         ║
║   ○ alpha                                                ║
║   ○ global                                               ║
║ Kinds                                                    ║
║   ● record                                               ║
║ › ● decision                                             ║
║   ● commit                                               ║
║ Tags                                                     ║
║   ○ #auth                                                ║
║   ○ #backend                                             ║
║   ○ #storage                                             ║
║   ○ #ux                                                  ║
║   ○ #release                                             ║
║                                                          ║
║ Space toggles · Esc closes                               ║
╭────────────────────────────────────────────────────────────────────────────────────────────────────────────────────────────────────────╮
│  / Search  Search title, notes, tags, project                                                                                          │
│ Filter Chronicle                                                                                                                       │
╰────────────────────────────────────────────────────────────────────────────────────────────────────────────────────────────────────────╯
j/k move · enter/space toggle · / search · : command · f filters · n new · r reload · tab inspect · esc close · q quit
