╭──────────────────────────────────────────────────────────────────────────────────────────────────────────────────────────────────────────╮
│                                                                                                                                          │
│  Chronicle   all projects   3 entries                                                                                                    │
│ Search: all notes  Filters: none                                                                                                         │
│                                                                                                                                          │
╰──────────────────────────────────────────────────────────────────────────────────────────────────────────────────────────────────────────╯
╭────────────────────────────╮  ╭──────────────────────────────────────────────────────────────╮  ╭────────────────────────────────────────╮
│                            │  │                                                              │  │                                        │
╔════════════════════════════════════════════════════════════════╗
║                                                                ║
║ Quick Entry                                                    ║
║ Title                                                          ║
║ ╭─────────────────────────────────╮                            ║
║ │ Polish Chronicle                │                            ║
║ ╰─────────────────────────────────╯                            ║
║ Tags                                                           ║
║ ╭─────────────────────────────────╮                            ║
║ │ ux,release                      │                            ║
║ ╰─────────────────────────────────╯                            ║
║ Kind                                                           ║
║ ╭────────╮                                                     ║
║ │ Record │                                                     ║
║ ╰────────╯                                                     ║
║                                                                ║
║ Tab fields · arrows change kind · Enter continue · Esc close   ║
║                                                                ║
╚════════════════════════════════════════════════════════════════╝
│                            │  │                                                              │  │                                        │
╰────────────────────────────╯  ╰──────────────────────────────────────────────────────────────╯  ╰────────────────────────────────────────╯
╭──────────────────────────────────────────────────────────────────────────────────────────────────────────────────────────────────────────╮
│  / Search  Search title, notes, tags, project                                                                                            │
│ Quick entry                                                                                                                              │
╰──────────────────────────────────────────────────────────────────────────────────────────────────────────────────────────────────────────╯
 j/k  move ·  enter/space  toggle ·  /  search ·  :  command ·  f  filters ·  n  new ·  r  reload ·  tab  inspect ·  esc  close ·  q  quit
