╭────────────────────────────────────────────────────────────────────────────────────────────────────────────────────────────────────────╮
│                                                                                                                                        │
│  Chronicle   all projects   0 entries                                                                                                  │
│ Search: all notes  Filters: none                                                                                                       │
│                                                                                                                                        │
╰────────────────────────────────────────────────────────────────────────────────────────────────────────────────────────────────────────╯
╭──────────────────────────────╮  ╭──────────────────────────────────────────────────────╮  ╭────────────────────────────────────────╮
│                              │  │                                                      │  │                                        │
│ Context                      │  │ Timeline  0 entries in all projects                  │  │ Inspector                              │
│ Scope                        │  │                                                      │  │                                        │
│ all projects                 │  │ No Chronicle entries match the current filters.      │  │ No entry selected.                     │
│                              │  │ Adjust search or filters to broaden the view.        │  │ Move through the timeline to inspect a │
│ Search                       │  │                                                      │  │ day or entry.                          │
│ all notes                    │  │                                                      │  │                                        │
│                              │  │                                                      │  │                                        │
│ Kinds                        │  │                                                      │  │                                        │
│  Record   Decision   Commit  │  │                                                      │  │                                        │
│                              │  │                                                      │  │                                        │
│ Tags                         │  │                                                      │  │                                        │
│  No tag filters              │  │                                                      │  │                                        │
│                              │  │                                                      │  │                                        │
│ Selected                     │  │                                                      │  │                                        │
│ Move through the timeline    │  │                                                      │  │                                        │
│                              │  │                                                      │  │                                        │
│                              │  │                                                      │  │                                        │
│                              │  │                                                      │  │                                        │
╰──────────────────────────────╯  ╰──────────────────────────────────────────────────────╯  ╰────────────────────────────────────────╯
╭────────────────────────────────────────────────────────────────────────────────────────────────────────────────────────────────────────╮
│  / Search  Search title, notes, tags, project                                                                                          │
│ Loading Chronicle...                                                                                                                   │
╰────────────────────────────────────────────────────────────────────────────────────────────────────────────────────────────────────────╯
j/k move · enter/space toggle · / search · : command · f filters · n new · r reload · tab inspect · esc close · q quit
