╭────────────────────────────────────────────────────────────────────────────────────────────────────────────────────────────────────────╮
│                                                                                                                                        │
│  Chronicle   all projects   3 entries                                                                                                  │
│ Search: all notes  Filters: none                                                                                                       │
│ j/k move · enter toggle · / search · f filters · n quick entry · r reload · q quit                                                     │
│                                                                                                                                        │
╰────────────────────────────────────────────────────────────────────────────────────────────────────────────────────────────────────────╯
╔══════════════════════════════════════════════════════════════╗
║                                                              ║
║ Quick Entry                                                  ║
║ Seed the note here, then Chronicle opens your editor.        ║
║                                                              ║
║ Title                                                        ║
║ ╭─────────────────────────────────╮                          ║
║ │ Polish Chronicle                │                          ║
║ ╰─────────────────────────────────╯                          ║
║                                                              ║
║ Tags                                                         ║
║ ╭─────────────────────────────────╮                          ║
║ │ ux,release                      │                          ║
║ ╰─────────────────────────────────╯                          ║
║                                                              ║
║ Kind                                                         ║
║ ╭────────╮                                                   ║
║ │ Record │                                                   ║
║ ╰────────╯                                                   ║
║                                                              ║
║ Tab moves · Left/right toggles kind · Enter continues · Esc  ║
║ cancels                                                      ║
║                                                              ║
╚══════════════════════════════════════════════════════════════╝
Quick entry
