╭────────────────────────────────────────────────────────────────────────────────────────────────────────────────────────────────────────╮
│                                                                                                                                        │
│  Chronicle   all projects   1 entry                                                                                                    │
│ Search: "auth"  Filters: none                                                                                                          │
│                                                                                                                                        │
╰────────────────────────────────────────────────────────────────────────────────────────────────────────────────────────────────────────╯
╭──────────────────────────────╮  ╭──────────────────────────────────────────────────────╮  ╭────────────────────────────────────────╮
│                              │  │                                                      │  │                                        │
│ Context                      │  │ Timeline  1 entry in all projects                    │  │ Inspector                              │
│ Scope                        │  │                                                      │  │                                        │
│ all projects                 │  │ ▾ Wed, Apr 22 2026  1 entry                          │  │ Wed, Apr 22 2026                       │
│                              │  │   09:00  Investigate auth cache                      │  │ Wednesday, April 22 · 1 entry          │
│ Search                       │  │   Record · ID 1 · alpha · #auth #backend             │  │                                        │
│ "auth"                       │  │                                                      │  │ This is a day group.                   │
│                              │  │                                                      │  │ Press Enter to collapse or expand the  │
│ Kinds                        │  │                                                      │  │ entries for this day.                  │
│  Record   Decision   Commit  │  │                                                      │  │                                        │
│                              │  │                                                      │  │                                        │
│ Tags                         │  │                                                      │  │                                        │
│  No tag filters              │  │                                                      │  │                                        │
│                              │  │                                                      │  │                                        │
│ Selected                     │  │                                                      │  │                                        │
│ Wed, Apr 22 2026 · 1 entry   │  │                                                      │  │                                        │
│                              │  │                                                      │  │                                        │
│                              │  │                                                      │  │                                        │
│                              │  │                                                      │  │                                        │
╰──────────────────────────────╯  ╰──────────────────────────────────────────────────────╯  ╰────────────────────────────────────────╯
╭────────────────────────────────────────────────────────────────────────────────────────────────────────────────────────────────────────╮
│  / Search  auth                                                                                                                        │
│ Searching: "auth"                                                                                                                      │
╰────────────────────────────────────────────────────────────────────────────────────────────────────────────────────────────────────────╯
j/k move · enter/space toggle · / search · : command · f filters · n new · r reload · tab inspect · esc close · q quit
